> Task :buildSrc:checkKotlinGradlePluginConfigurationErrors SKIPPED
> Task :buildSrc:compileKotlin UP-TO-DATE
> Task :buildSrc:compileJava NO-SOURCE
> Task :buildSrc:compileGroovy NO-SOURCE
> Task :buildSrc:pluginDescriptors UP-TO-DATE
> Task :buildSrc:processResources NO-SOURCE
> Task :buildSrc:classes UP-TO-DATE
> Task :buildSrc:jar UP-TO-DATE

> Configure project :audio_benchmark
w: [33m[1m⚠️ JVM Main Run Task Conflict[0m[0m
Target 'jvm': Unable to create run task 'jvmRun' as there is already such a task registered
[32m[1mSolution:[0m[0m
[32m[3mPlease remove the conflicting task or rename the new task[0m[0m


> Task :audio_be:kmpPartiallyResolvedDependenciesChecker
> Task :audio_be:checkKotlinGradlePluginConfigurationErrors SKIPPED
> Task :audio_bridge:kmpPartiallyResolvedDependenciesChecker
> Task :audio_bridge:checkKotlinGradlePluginConfigurationErrors SKIPPED
> Task :common:kmpPartiallyResolvedDependenciesChecker
> Task :common:checkKotlinGradlePluginConfigurationErrors SKIPPED
> Task :common:kspKotlinJvm SKIPPED
> Task :common:compileKotlinJvm UP-TO-DATE
> Task :common:compileJvmMainJava NO-SOURCE
> Task :common:jvmProcessResources NO-SOURCE
> Task :common:processJvmMainResources SKIPPED
> Task :common:jvmMainClasses UP-TO-DATE
> Task :common:jvmJar UP-TO-DATE
> Task :tones:kmpPartiallyResolvedDependenciesChecker
> Task :tones:checkKotlinGradlePluginConfigurationErrors SKIPPED
> Task :tones:kspKotlinJvm SKIPPED
> Task :tones:compileKotlinJvm UP-TO-DATE
> Task :tones:compileJvmMainJava NO-SOURCE
> Task :tones:jvmProcessResources NO-SOURCE
> Task :tones:processJvmMainResources SKIPPED
> Task :tones:jvmMainClasses UP-TO-DATE
> Task :tones:jvmJar UP-TO-DATE
> Task :audio_bridge:kspKotlinJvm SKIPPED
> Task :audio_bridge:compileKotlinJvm UP-TO-DATE
> Task :audio_bridge:compileJvmMainJava NO-SOURCE
> Task :audio_bridge:jvmProcessResources NO-SOURCE
> Task :audio_bridge:processJvmMainResources SKIPPED
> Task :audio_bridge:jvmMainClasses UP-TO-DATE
> Task :audio_bridge:jvmJar UP-TO-DATE
> Task :audio_be:kspKotlinJvm SKIPPED
> Task :audio_be:compileKotlinJvm UP-TO-DATE
> Task :audio_be:compileJvmMainJava NO-SOURCE
> Task :audio_be:jvmProcessResources NO-SOURCE
> Task :audio_be:processJvmMainResources SKIPPED
> Task :audio_be:jvmMainClasses UP-TO-DATE
> Task :audio_be:jvmJar UP-TO-DATE
> Task :audio_fe:kmpPartiallyResolvedDependenciesChecker
> Task :audio_fe:checkKotlinGradlePluginConfigurationErrors SKIPPED
> Task :audio_fe:kspKotlinJvm SKIPPED
> Task :audio_fe:compileKotlinJvm UP-TO-DATE
> Task :audio_fe:compileJvmMainJava NO-SOURCE
> Task :audio_fe:jvmProcessResources NO-SOURCE
> Task :audio_fe:processJvmMainResources SKIPPED
> Task :audio_fe:jvmMainClasses UP-TO-DATE
> Task :audio_fe:jvmJar UP-TO-DATE
> Task :klang:kmpPartiallyResolvedDependenciesChecker
> Task :klang:checkKotlinGradlePluginConfigurationErrors SKIPPED
> Task :klang:kspKotlinJvm SKIPPED
> Task :klang:compileKotlinJvm UP-TO-DATE
> Task :klang:compileJvmMainJava NO-SOURCE
> Task :klang:jvmProcessResources NO-SOURCE
> Task :klang:processJvmMainResources SKIPPED
> Task :klang:jvmMainClasses UP-TO-DATE
> Task :klang:jvmJar UP-TO-DATE
> Task :klangscript:kmpPartiallyResolvedDependenciesChecker
> Task :klangscript:checkKotlinGradlePluginConfigurationErrors SKIPPED
> Task :common:transformCommonMainDependenciesMetadata UP-TO-DATE
> Task :common:kspCommonMainKotlinMetadata SKIPPED
> Task :common:compileCommonMainKotlinMetadata UP-TO-DATE
> Task :common:generateProjectStructureMetadata UP-TO-DATE
> Task :common:metadataCommonMainProcessResources NO-SOURCE
> Task :common:metadataCommonMainClasses UP-TO-DATE
> Task :common:allMetadataJar UP-TO-DATE
> Task :common:exportCommonSourceSetsMetadataLocationsForMetadataApiElements UP-TO-DATE
> Task :tones:transformCommonMainDependenciesMetadata UP-TO-DATE
> Task :tones:kspCommonMainKotlinMetadata SKIPPED
> Task :tones:compileCommonMainKotlinMetadata UP-TO-DATE
> Task :tones:generateProjectStructureMetadata UP-TO-DATE
> Task :tones:metadataCommonMainProcessResources NO-SOURCE
> Task :tones:metadataCommonMainClasses UP-TO-DATE
> Task :tones:allMetadataJar UP-TO-DATE
> Task :tones:exportCommonSourceSetsMetadataLocationsForMetadataApiElements UP-TO-DATE
> Task :audio_bridge:transformCommonMainDependenciesMetadata UP-TO-DATE
> Task :audio_bridge:kspCommonMainKotlinMetadata SKIPPED
> Task :audio_bridge:compileCommonMainKotlinMetadata UP-TO-DATE
> Task :common:exportRootPublicationCoordinatesForMetadataApiElements UP-TO-DATE
> Task :tones:exportRootPublicationCoordinatesForMetadataApiElements UP-TO-DATE
> Task :audio_bridge:generateProjectStructureMetadata UP-TO-DATE
> Task :audio_bridge:metadataCommonMainProcessResources NO-SOURCE
> Task :audio_bridge:metadataCommonMainClasses UP-TO-DATE
> Task :audio_bridge:allMetadataJar UP-TO-DATE
> Task :audio_bridge:exportCommonSourceSetsMetadataLocationsForMetadataApiElements UP-TO-DATE
> Task :klangscript-annotations:kmpPartiallyResolvedDependenciesChecker
> Task :klangscript-annotations:checkKotlinGradlePluginConfigurationErrors SKIPPED
> Task :klangscript-annotations:transformCommonMainDependenciesMetadata UP-TO-DATE
> Task :klangscript-annotations:compileCommonMainKotlinMetadata UP-TO-DATE
> Task :klangscript-annotations:generateProjectStructureMetadata UP-TO-DATE
> Task :klangscript-annotations:metadataCommonMainProcessResources NO-SOURCE
> Task :klangscript-annotations:metadataCommonMainClasses UP-TO-DATE
> Task :klangscript-annotations:allMetadataJar UP-TO-DATE
> Task :klangscript-annotations:exportCommonSourceSetsMetadataLocationsForMetadataApiElements UP-TO-DATE
> Task :klangscript:transformCommonMainDependenciesMetadata UP-TO-DATE
> Task :klangscript-annotations:compileKotlinJvm UP-TO-DATE
> Task :klangscript-annotations:compileJvmMainJava NO-SOURCE
> Task :klangscript-annotations:jvmProcessResources NO-SOURCE
> Task :klangscript-annotations:processJvmMainResources SKIPPED
> Task :klangscript-annotations:jvmMainClasses UP-TO-DATE
> Task :klangscript-annotations:jvmJar UP-TO-DATE
> Task :klangscript-ksp:checkKotlinGradlePluginConfigurationErrors SKIPPED
> Task :klangscript-ksp:kaptGenerateStubsKotlin UP-TO-DATE
> Task :klangscript-ksp:kaptKotlin UP-TO-DATE
> Task :klangscript-ksp:compileKotlin UP-TO-DATE
> Task :klangscript-ksp:compileJava NO-SOURCE
> Task :klangscript-ksp:processResources NO-SOURCE
> Task :klangscript-ksp:classes UP-TO-DATE
> Task :klangscript-ksp:jar UP-TO-DATE
> Task :klangscript:kspCommonMainKotlinMetadata UP-TO-DATE
> Task :klangscript:kspKotlinJvm SKIPPED
> Task :klangscript:compileKotlinJvm UP-TO-DATE
> Task :klangscript:compileJvmMainJava NO-SOURCE
> Task :klangscript:jvmProcessResources NO-SOURCE
> Task :klangscript:processJvmMainResources SKIPPED
> Task :klangscript:jvmMainClasses UP-TO-DATE
> Task :klangscript:jvmJar UP-TO-DATE
> Task :sprudel:kmpPartiallyResolvedDependenciesChecker
> Task :sprudel:checkKotlinGradlePluginConfigurationErrors SKIPPED
> Task :audio_be:transformCommonMainDependenciesMetadata UP-TO-DATE
> Task :audio_be:kspCommonMainKotlinMetadata SKIPPED
> Task :audio_be:compileCommonMainKotlinMetadata UP-TO-DATE
> Task :audio_bridge:exportRootPublicationCoordinatesForMetadataApiElements UP-TO-DATE
> Task :audio_be:generateProjectStructureMetadata UP-TO-DATE
> Task :audio_be:metadataCommonMainProcessResources NO-SOURCE
> Task :audio_be:metadataCommonMainClasses UP-TO-DATE
> Task :audio_be:allMetadataJar UP-TO-DATE
> Task :audio_fe:transformCommonMainDependenciesMetadata UP-TO-DATE
> Task :audio_fe:kspCommonMainKotlinMetadata SKIPPED
> Task :audio_fe:compileCommonMainKotlinMetadata UP-TO-DATE
> Task :audio_fe:generateProjectStructureMetadata UP-TO-DATE
> Task :audio_fe:metadataCommonMainProcessResources NO-SOURCE
> Task :audio_fe:metadataCommonMainClasses UP-TO-DATE
> Task :audio_fe:allMetadataJar UP-TO-DATE
> Task :audio_be:exportCommonSourceSetsMetadataLocationsForMetadataApiElements UP-TO-DATE
> Task :audio_fe:exportCommonSourceSetsMetadataLocationsForMetadataApiElements UP-TO-DATE
> Task :klang:transformCommonMainDependenciesMetadata UP-TO-DATE
> Task :klang:kspCommonMainKotlinMetadata SKIPPED
> Task :klang:compileCommonMainKotlinMetadata UP-TO-DATE
> Task :audio_be:exportRootPublicationCoordinatesForMetadataApiElements UP-TO-DATE
> Task :audio_fe:exportRootPublicationCoordinatesForMetadataApiElements UP-TO-DATE
> Task :klang:generateProjectStructureMetadata UP-TO-DATE
> Task :klang:metadataCommonMainProcessResources NO-SOURCE
> Task :klang:metadataCommonMainClasses UP-TO-DATE
> Task :klang:allMetadataJar UP-TO-DATE
> Task :klangscript:compileCommonMainKotlinMetadata UP-TO-DATE
> Task :klangscript-annotations:exportRootPublicationCoordinatesForMetadataApiElements UP-TO-DATE
> Task :klangscript:generateProjectStructureMetadata UP-TO-DATE
> Task :klangscript:metadataCommonMainProcessResources NO-SOURCE
> Task :klangscript:metadataCommonMainClasses UP-TO-DATE
> Task :klangscript:allMetadataJar UP-TO-DATE
> Task :klang:exportCommonSourceSetsMetadataLocationsForMetadataApiElements UP-TO-DATE
> Task :klangscript:exportCommonSourceSetsMetadataLocationsForMetadataApiElements UP-TO-DATE
> Task :sprudel:transformCommonMainDependenciesMetadata UP-TO-DATE
> Task :sprudel-ksp:checkKotlinGradlePluginConfigurationErrors SKIPPED
> Task :sprudel-ksp:kaptGenerateStubsKotlin UP-TO-DATE
> Task :sprudel-ksp:kaptKotlin UP-TO-DATE
> Task :sprudel-ksp:compileKotlin UP-TO-DATE
> Task :sprudel-ksp:compileJava NO-SOURCE
> Task :sprudel-ksp:processResources NO-SOURCE
> Task :sprudel-ksp:classes UP-TO-DATE
> Task :sprudel-ksp:jar UP-TO-DATE
> Task :sprudel:kspCommonMainKotlinMetadata UP-TO-DATE
> Task :sprudel:kspKotlinJvm SKIPPED
> Task :sprudel:compileKotlinJvm UP-TO-DATE
> Task :sprudel:compileJvmMainJava NO-SOURCE

> Task :sprudel:buildStrudelBundle
Running strudel jsbridge build.sh in directory:
/opt/dev/peekandpoke/klang/sprudel/jsbridge
Lockfile is up to date, resolution step is skipped
Already up to date

╭ Warning ─────────────────────────────────────────────────────────────────────╮
│                                                                              │
│   Ignored build scripts: esbuild@0.27.2.                                     │
│   Run "pnpm approve-builds" to pick which dependencies should be allowed     │
│   to run scripts.                                                            │
│                                                                              │
╰──────────────────────────────────────────────────────────────────────────────╯
Done in 219ms using pnpm v10.26.2
Creating esm module

> Task :sprudel:jvmProcessResources UP-TO-DATE
> Task :sprudel:processJvmMainResources SKIPPED
> Task :sprudel:jvmMainClasses UP-TO-DATE
> Task :sprudel:jvmJar UP-TO-DATE
> Task :common:kspKotlinJs SKIPPED
> Task :common:compileKotlinJs UP-TO-DATE
> Task :tones:kspKotlinJs SKIPPED
> Task :tones:compileKotlinJs UP-TO-DATE
> Task :audio_bridge:kspKotlinJs SKIPPED
> Task :audio_bridge:compileKotlinJs UP-TO-DATE
> Task :audio_be:kspKotlinJs SKIPPED
> Task :audio_be:compileKotlinJs UP-TO-DATE
> Task :audio_fe:kspKotlinJs SKIPPED
> Task :audio_fe:compileKotlinJs UP-TO-DATE
> Task :klang:kspKotlinJs SKIPPED
> Task :klang:compileKotlinJs UP-TO-DATE
> Task :klangscript-annotations:compileKotlinJs UP-TO-DATE
> Task :klangscript:kspKotlinJs SKIPPED
> Task :klangscript:compileKotlinJs UP-TO-DATE
> Task :klangui:kmpPartiallyResolvedDependenciesChecker
> Task :klangui:checkKotlinGradlePluginConfigurationErrors SKIPPED
> Task :klangui:compileKotlinJs UP-TO-DATE
> Task :sprudel:kspKotlinJs SKIPPED
> Task :sprudel:compileKotlinJs UP-TO-DATE
> Task :sprudel:jsProcessResources NO-SOURCE
> Task :sprudel:jsMainClasses UP-TO-DATE
> Task :sprudel:kspTestKotlinJs UP-TO-DATE
> Task :sprudel:kspTestKotlinJvm
> Task :sprudel:jvmTestProcessResources NO-SOURCE
> Task :sprudel:processJvmTestResources SKIPPED
> Task :sprudel:compileTestKotlinJvm
> Task :sprudel:compileJvmTestJava NO-SOURCE
> Task :sprudel:jvmTestClasses
> Task :sprudel:jvmTest

[Incubating] Problems report is available at: file:///opt/dev/peekandpoke/klang/build/reports/problems/problems-report.html

BUILD SUCCESSFUL in 2m 55s
104 actionable tasks: 14 executed, 90 up-to-date
